// Jest Snapshot v1, https://goo.gl/fbAQLP

exports[`Testing Shared Shared Components Landing page content should be rendered 1`] = `
<div
  className="absolute w-full h-auto z-10"
>
  <nav
    className="flex justify-between bg-white w-full md:w-topNav  p-3 md:py-3 md:pl-4  md:pr-28 h-full md:rounded-br-full"
  >
    <a
      className="block"
      href="/"
      onClick={[Function]}
    >
      <span
        className="text-2xl text-black font-bold  font-Sansation lg:pl-12 italic"
      >
        BareFoot
      </span>
    </a>
    <button
      className="lg:hidden block btn-submit"
      id="toggle_button"
      onClick={[Function]}
      type="button"
    >
      <svg
        height="24"
        viewBox="0 0 24 24"
        width="24"
        xmlns="http://www.w3.org/2000/svg"
      >
        <path
          d="M0 0h24v24H0z"
          fill="none"
        />
        <path
          d="M3 15h18v-2H3v2zm0 4h18v-2H3v2zm0-8h18V9H3v2zm0-6v2h18V5H3z"
        />
      </svg>
    </button>
    <div
      className="hidden lg:flex  lg:items-center bg-white lg:w-auto w-full"
    >
      <section>
        <ul
          className="lg:flex items-center justify-between text-base text-black font-Sansation pt-4 lg:pt-0 "
        >
          <li>
             
            <a
              className="py-1 px-5 hover:bg-gray-200 rounded-full"
              href="/about"
              onClick={[Function]}
            >
              About
            </a>
          </li>
          <li>
             
            <a
              className="py-1 px-5 hover:bg-gray-200 rounded-full"
              href="/login"
              onClick={[Function]}
            >
              Accomodation
            </a>
          </li>
          <li>
             
            <a
              className="py-1 px-5 hover:bg-gray-200 rounded-full"
              href="/help"
              onClick={[Function]}
            >
              Help
            </a>
          </li>
          <li>
             
            <a
              className="inline-block px-6 py-2 text-sm font-bold leading-6 text-center text-white uppercase transition bg-green-400 rounded-full shadow ripple hover:shadow-lg hover:bg-green-500 focus:outline-none"
              href="/login"
              onClick={[Function]}
            >
              Login
            </a>
          </li>
        </ul>
      </section>
    </div>
  </nav>
  <div
    className="hidden"
  >
    <section
      className="text-center z-0 lg:items-center bg-white lg:w-auto"
    >
      <ul
        className="lg:hidden items-center justify-between text-base text-black font-bold pt-4 lg:pt-0 mb-4"
      >
        <li
          className="hover:bg-gray-200"
        >
           
          <a
            className="py-1 px-5"
            href="/about"
            onClick={[Function]}
          >
            About
          </a>
        </li>
        <li
          className="hover:bg-gray-200"
        >
           
          <a
            className="py-1 px-5"
            href="/login"
            onClick={[Function]}
          >
            Accomodation
          </a>
        </li>
        <li
          className="hover:bg-gray-200"
        >
           
          <a
            className="py-1 px-5"
            href="/help"
            onClick={[Function]}
          >
            help
          </a>
        </li>
        <li
          className="hover:bg-gray-200"
        >
           
          <a
            className="py-1 px-5 bg-green-500 rounded-full"
            href="/login"
            onClick={[Function]}
          >
            Login
          </a>
        </li>
      </ul>
    </section>
  </div>
</div>
`;

exports[`Testing Shared Shared Components button click should toggle on mobile view  1`] = `[MockFunction]`;

exports[`Testing Shared Shared Components footer should render 1`] = `
<footer
  className="bg-footer-bg relative bg-no-repeat bg-cover lg:bg-center p-0 mb-0 bg-top-right"
>
  <div
    className="flex-1 max-w-8xl max-auto p-10"
  >
    <ul
      className="md:grid sm:grid-flow-col mt-30 grid-col-1 gap-4 md:grid-cols-2 md:gap-8 grid-flow-col-dense sm:auto-cols-min mb-2"
    >
      <li
        className="rounded-lg  flex-col md:p-12"
      >
        <div
          className="max-h-full"
        >
          <h1
            className="text-gray-200 font-bold text-4xl font-Sansation text-left justify-start"
          >
            BareFoot
          </h1>
          <p
            className="max-h-full p-1 pt-5 mb-2  text-gray-200 font-bold md:text-lg font-Sansation"
          >
            Barefoot is a grobal travel and accomodation website for nomads we make your travel experience more wonderful with our incomperable services.
          </p>
        </div>
      </li>
      <li
        className="rounded-lg  md:mr-12 md:p-12"
      >
        <div
          className="max-h-full"
        >
          <h1
            className="text-gray-200 font-bold text-4xl font-Sansation text-left justify-start"
          >
            Contact
          </h1>
          <p
            className="text-gray-200 pt-5 font-bold md:text-lg font-Sansation"
          >
            Barefoot customer services
            <br />
             
            +250785855328
            <br />
            barefoot@gmail.com
          </p>
          <div
            className="flex mt-4"
          >
            <a
              aria-label="link"
              href="https://twitter.com/BarefootCollege"
            >
              <svg
                className="text-white mr-4 text-2xl mb-5 hover:text-green-400"
                fill="currentColor"
                height="1em"
                stroke="currentColor"
                strokeWidth="0"
                style={
                  Object {
                    "color": undefined,
                  }
                }
                version="1.1"
                viewBox="0 0 16 16"
                width="1em"
                xmlns="http://www.w3.org/2000/svg"
              >
                <path
                  d="M16 3.538c-0.588 0.263-1.222 0.438-1.884 0.516 0.678-0.406 1.197-1.050 1.444-1.816-0.634 0.375-1.338 0.65-2.084 0.797-0.6-0.638-1.453-1.034-2.397-1.034-1.813 0-3.281 1.469-3.281 3.281 0 0.256 0.028 0.506 0.084 0.747-2.728-0.138-5.147-1.444-6.766-3.431-0.281 0.484-0.444 1.050-0.444 1.65 0 1.138 0.578 2.144 1.459 2.731-0.538-0.016-1.044-0.166-1.488-0.409 0 0.013 0 0.028 0 0.041 0 1.591 1.131 2.919 2.634 3.219-0.275 0.075-0.566 0.116-0.866 0.116-0.212 0-0.416-0.022-0.619-0.059 0.419 1.303 1.631 2.253 3.066 2.281-1.125 0.881-2.538 1.406-4.078 1.406-0.266 0-0.525-0.016-0.784-0.047 1.456 0.934 3.181 1.475 5.034 1.475 6.037 0 9.341-5.003 9.341-9.341 0-0.144-0.003-0.284-0.009-0.425 0.641-0.459 1.197-1.038 1.637-1.697z"
                />
              </svg>
            </a>
            <a
              aria-label="link"
              href="https://web.facebook.com/groups/217860805077474"
            >
              <svg
                className="text-white mr-4 text-2xl mb-5 hover:text-green-500 "
                fill="currentColor"
                height="1em"
                stroke="currentColor"
                strokeWidth="0"
                style={
                  Object {
                    "color": undefined,
                  }
                }
                version="1.1"
                viewBox="0 0 16 16"
                width="1em"
                xmlns="http://www.w3.org/2000/svg"
              >
                <path
                  d="M9.5 3h2.5v-3h-2.5c-1.93 0-3.5 1.57-3.5 3.5v1.5h-2v3h2v8h3v-8h2.5l0.5-3h-3v-1.5c0-0.271 0.229-0.5 0.5-0.5z"
                />
              </svg>
            </a>
            <a
              aria-label="link"
              href="https://www.instagram.com/barefoot_nomad_/"
            >
              <svg
                className="text-white mr-4 text-2xl mb-5 hover:text-green-500 "
                fill="currentColor"
                height="1em"
                stroke="currentColor"
                strokeWidth="0"
                style={
                  Object {
                    "color": undefined,
                  }
                }
                version="1.1"
                viewBox="0 0 16 16"
                width="1em"
                xmlns="http://www.w3.org/2000/svg"
              >
                <path
                  d="M14.5 0h-13c-0.825 0-1.5 0.675-1.5 1.5v13c0 0.825 0.675 1.5 1.5 1.5h13c0.825 0 1.5-0.675 1.5-1.5v-13c0-0.825-0.675-1.5-1.5-1.5zM11 2.5c0-0.275 0.225-0.5 0.5-0.5h2c0.275 0 0.5 0.225 0.5 0.5v2c0 0.275-0.225 0.5-0.5 0.5h-2c-0.275 0-0.5-0.225-0.5-0.5v-2zM8 5c1.656 0 3 1.344 3 3s-1.344 3-3 3c-1.656 0-3-1.344-3-3s1.344-3 3-3zM14 13.5v0c0 0.275-0.225 0.5-0.5 0.5h-11c-0.275 0-0.5-0.225-0.5-0.5v0-6.5h1.1c-0.066 0.322-0.1 0.656-0.1 1 0 2.762 2.237 5 5 5s5-2.238 5-5c0-0.344-0.034-0.678-0.1-1h1.1v6.5z"
                />
              </svg>
            </a>
          </div>
        </div>
      </li>
    </ul>
  </div>
</footer>
`;
